[2026-05-24 03:00:06] production.ERROR: FilesystemIterator::__construct(/home/u626751827/domains/orsozox.com/public_html/forums/storage/framework/cache/data/02/83): Failed to open directory: No such file or directory {"exception":"[object] (UnexpectedValueException(code: 0): FilesystemIterator::__construct(/home/u626751827/domains/orsozox.com/public_html/forums/storage/framework/cache/data/02/83): Failed to open directory: No such file or directory at /home/u626751827/domains/orsozox.com/public_html/forums/vendor/laravel/framework/src/Illuminate/Filesystem/Filesystem.php:738)
[stacktrace]
#0 /home/u626751827/domains/orsozox.com/public_html/forums/vendor/laravel/framework/src/Illuminate/Filesystem/Filesystem.php(738): FilesystemIterator->__construct()
#1 /home/u626751827/domains/orsozox.com/public_html/forums/vendor/laravel/framework/src/Illuminate/Filesystem/Filesystem.php(745): Illuminate\\Filesystem\\Filesystem->deleteDirectory()
#2 /home/u626751827/domains/orsozox.com/public_html/forums/vendor/laravel/framework/src/Illuminate/Cache/FileStore.php(273): Illuminate\\Filesystem\\Filesystem->deleteDirectory()
#3 /home/u626751827/domains/orsozox.com/public_html/forums/vendor/laravel/framework/src/Illuminate/Cache/Repository.php(792): Illuminate\\Cache\\FileStore->flush()
#4 /home/u626751827/domains/orsozox.com/public_html/forums/vendor/laravel/framework/src/Illuminate/Cache/Console/ClearCommand.php(69): Illuminate\\Cache\\Repository->__call()
#5 /home/u626751827/domains/orsozox.com/public_html/forums/vendor/laravel/framework/src/Illuminate/Container/BoundMethod.php(36): Illuminate\\Cache\\Console\\ClearCommand->handle()
#6 /home/u626751827/domains/orsozox.com/public_html/forums/vendor/laravel/framework/src/Illuminate/Container/Util.php(43): Illuminate\\Container\\BoundMethod::Illuminate\\Container\\{closure}()
#7 /home/u626751827/domains/orsozox.com/public_html/forums/vendor/laravel/framework/src/Illuminate/Container/BoundMethod.php(95): Illuminate\\Container\\Util::unwrapIfClosure()
#8 /home/u626751827/domains/orsozox.com/public_html/forums/vendor/laravel/framework/src/Illuminate/Container/BoundMethod.php(35): Illuminate\\Container\\BoundMethod::callBoundMethod()
#9 /home/u626751827/domains/orsozox.com/public_html/forums/vendor/laravel/framework/src/Illuminate/Container/Container.php(696): Illuminate\\Container\\BoundMethod::call()
#10 /home/u626751827/domains/orsozox.com/public_html/forums/vendor/laravel/framework/src/Illuminate/Console/Command.php(213): Illuminate\\Container\\Container->call()
#11 /home/u626751827/domains/orsozox.com/public_html/forums/vendor/symfony/console/Command/Command.php(341): Illuminate\\Console\\Command->execute()
#12 /home/u626751827/domains/orsozox.com/public_html/forums/vendor/laravel/framework/src/Illuminate/Console/Command.php(182): Symfony\\Component\\Console\\Command\\Command->run()
#13 /home/u626751827/domains/orsozox.com/public_html/forums/vendor/laravel/framework/src/Illuminate/Console/Concerns/CallsCommands.php(68): Illuminate\\Console\\Command->run()
#14 /home/u626751827/domains/orsozox.com/public_html/forums/vendor/laravel/framework/src/Illuminate/Console/Concerns/CallsCommands.php(41): Illuminate\\Console\\Command->runCommand()
#15 /home/u626751827/domains/orsozox.com/public_html/forums/vendor/laravel/framework/src/Illuminate/Console/Concerns/CallsCommands.php(53): Illuminate\\Console\\Command->callSilent()
#16 /home/u626751827/domains/orsozox.com/public_html/forums/vendor/laravel/framework/src/Illuminate/Foundation/Console/OptimizeClearCommand.php(48): Illuminate\\Console\\Command->callSilently()
#17 /home/u626751827/domains/orsozox.com/public_html/forums/vendor/laravel/framework/src/Illuminate/Console/View/Components/Task.php(40): Illuminate\\Foundation\\Console\\OptimizeClearCommand->Illuminate\\Foundation\\Console\\{closure}()
#18 /home/u626751827/domains/orsozox.com/public_html/forums/vendor/laravel/framework/src/Illuminate/Console/View/Components/Factory.php(60): Illuminate\\Console\\View\\Components\\Task->render()
#19 /home/u626751827/domains/orsozox.com/public_html/forums/vendor/laravel/framework/src/Illuminate/Foundation/Console/OptimizeClearCommand.php(48): Illuminate\\Console\\View\\Components\\Factory->__call()
#20 /home/u626751827/domains/orsozox.com/public_html/forums/vendor/laravel/framework/src/Illuminate/Container/BoundMethod.php(36): Illuminate\\Foundation\\Console\\OptimizeClearCommand->handle()
#21 /home/u626751827/domains/orsozox.com/public_html/forums/vendor/laravel/framework/src/Illuminate/Container/Util.php(43): Illuminate\\Container\\BoundMethod::Illuminate\\Container\\{closure}()
#22 /home/u626751827/domains/orsozox.com/public_html/forums/vendor/laravel/framework/src/Illuminate/Container/BoundMethod.php(95): Illuminate\\Container\\Util::unwrapIfClosure()
#23 /home/u626751827/domains/orsozox.com/public_html/forums/vendor/laravel/framework/src/Illuminate/Container/BoundMethod.php(35): Illuminate\\Container\\BoundMethod::callBoundMethod()
#24 /home/u626751827/domains/orsozox.com/public_html/forums/vendor/laravel/framework/src/Illuminate/Container/Container.php(696): Illuminate\\Container\\BoundMethod::call()
#25 /home/u626751827/domains/orsozox.com/public_html/forums/vendor/laravel/framework/src/Illuminate/Console/Command.php(213): Illuminate\\Container\\Container->call()
#26 /home/u626751827/domains/orsozox.com/public_html/forums/vendor/symfony/console/Command/Command.php(341): Illuminate\\Console\\Command->execute()
#27 /home/u626751827/domains/orsozox.com/public_html/forums/vendor/laravel/framework/src/Illuminate/Console/Command.php(182): Symfony\\Component\\Console\\Command\\Command->run()
#28 /home/u626751827/domains/orsozox.com/public_html/forums/vendor/symfony/console/Application.php(1102): Illuminate\\Console\\Command->run()
#29 /home/u626751827/domains/orsozox.com/public_html/forums/vendor/symfony/console/Application.php(356): Symfony\\Component\\Console\\Application->doRunCommand()
#30 /home/u626751827/domains/orsozox.com/public_html/forums/vendor/symfony/console/Application.php(195): Symfony\\Component\\Console\\Application->doRun()
#31 /home/u626751827/domains/orsozox.com/public_html/forums/vendor/laravel/framework/src/Illuminate/Console/Application.php(166): Symfony\\Component\\Console\\Application->run()
#32 /home/u626751827/domains/orsozox.com/public_html/forums/vendor/laravel/framework/src/Illuminate/Foundation/Console/Kernel.php(427): Illuminate\\Console\\Application->call()
#33 /home/u626751827/domains/orsozox.com/public_html/forums/vendor/laravel/framework/src/Illuminate/Support/Facades/Facade.php(361): Illuminate\\Foundation\\Console\\Kernel->call()
#34 /home/u626751827/domains/orsozox.com/public_html/forums/public/cc.php(16): Illuminate\\Support\\Facades\\Facade::__callStatic()
#35 /home/u626751827/domains/orsozox.com/public_html/forums/index.php(31): require_once('/home/u62675182...')
#36 {main}
"} 
