[2026-05-26 03:00:05] production.ERROR: FilesystemIterator::__construct(/home/u626751827/domains/orsozox.com/public_html/forums/storage/framework/cache/data/03/ba): Failed to open directory: No such file or directory {"exception":"[object] (UnexpectedValueException(code: 0): FilesystemIterator::__construct(/home/u626751827/domains/orsozox.com/public_html/forums/storage/framework/cache/data/03/ba): Failed to open directory: No such file or directory at /home/u626751827/domains/orsozox.com/public_html/forums/vendor/laravel/framework/src/Illuminate/Filesystem/Filesystem.php:738)
[stacktrace]
#0 /home/u626751827/domains/orsozox.com/public_html/forums/vendor/laravel/framework/src/Illuminate/Filesystem/Filesystem.php(738): FilesystemIterator->__construct()
#1 /home/u626751827/domains/orsozox.com/public_html/forums/vendor/laravel/framework/src/Illuminate/Filesystem/Filesystem.php(745): Illuminate\\Filesystem\\Filesystem->deleteDirectory()
#2 /home/u626751827/domains/orsozox.com/public_html/forums/vendor/laravel/framework/src/Illuminate/Cache/FileStore.php(273): Illuminate\\Filesystem\\Filesystem->deleteDirectory()
#3 /home/u626751827/domains/orsozox.com/public_html/forums/vendor/laravel/framework/src/Illuminate/Cache/Repository.php(792): Illuminate\\Cache\\FileStore->flush()
#4 /home/u626751827/domains/orsozox.com/public_html/forums/vendor/laravel/framework/src/Illuminate/Cache/Console/ClearCommand.php(69): Illuminate\\Cache\\Repository->__call()
#5 /home/u626751827/domains/orsozox.com/public_html/forums/vendor/laravel/framework/src/Illuminate/Container/BoundMethod.php(36): Illuminate\\Cache\\Console\\ClearCommand->handle()
#6 /home/u626751827/domains/orsozox.com/public_html/forums/vendor/laravel/framework/src/Illuminate/Container/Util.php(43): Illuminate\\Container\\BoundMethod::Illuminate\\Container\\{closure}()
#7 /home/u626751827/domains/orsozox.com/public_html/forums/vendor/laravel/framework/src/Illuminate/Container/BoundMethod.php(95): Illuminate\\Container\\Util::unwrapIfClosure()
#8 /home/u626751827/domains/orsozox.com/public_html/forums/vendor/laravel/framework/src/Illuminate/Container/BoundMethod.php(35): Illuminate\\Container\\BoundMethod::callBoundMethod()
#9 /home/u626751827/domains/orsozox.com/public_html/forums/vendor/laravel/framework/src/Illuminate/Container/Container.php(696): Illuminate\\Container\\BoundMethod::call()
#10 /home/u626751827/domains/orsozox.com/public_html/forums/vendor/laravel/framework/src/Illuminate/Console/Command.php(213): Illuminate\\Container\\Container->call()
#11 /home/u626751827/domains/orsozox.com/public_html/forums/vendor/symfony/console/Command/Command.php(341): Illuminate\\Console\\Command->execute()
#12 /home/u626751827/domains/orsozox.com/public_html/forums/vendor/laravel/framework/src/Illuminate/Console/Command.php(182): Symfony\\Component\\Console\\Command\\Command->run()
#13 /home/u626751827/domains/orsozox.com/public_html/forums/vendor/laravel/framework/src/Illuminate/Console/Concerns/CallsCommands.php(68): Illuminate\\Console\\Command->run()
#14 /home/u626751827/domains/orsozox.com/public_html/forums/vendor/laravel/framework/src/Illuminate/Console/Concerns/CallsCommands.php(41): Illuminate\\Console\\Command->runCommand()
#15 /home/u626751827/domains/orsozox.com/public_html/forums/app/Console/Commands/SystemCleanup.php(18): Illuminate\\Console\\Command->callSilent()
#16 /home/u626751827/domains/orsozox.com/public_html/forums/vendor/laravel/framework/src/Illuminate/Container/BoundMethod.php(36): App\\Console\\Commands\\SystemCleanup->handle()
#17 /home/u626751827/domains/orsozox.com/public_html/forums/vendor/laravel/framework/src/Illuminate/Container/Util.php(43): Illuminate\\Container\\BoundMethod::Illuminate\\Container\\{closure}()
#18 /home/u626751827/domains/orsozox.com/public_html/forums/vendor/laravel/framework/src/Illuminate/Container/BoundMethod.php(95): Illuminate\\Container\\Util::unwrapIfClosure()
#19 /home/u626751827/domains/orsozox.com/public_html/forums/vendor/laravel/framework/src/Illuminate/Container/BoundMethod.php(35): Illuminate\\Container\\BoundMethod::callBoundMethod()
#20 /home/u626751827/domains/orsozox.com/public_html/forums/vendor/laravel/framework/src/Illuminate/Container/Container.php(696): Illuminate\\Container\\BoundMethod::call()
#21 /home/u626751827/domains/orsozox.com/public_html/forums/vendor/laravel/framework/src/Illuminate/Console/Command.php(213): Illuminate\\Container\\Container->call()
#22 /home/u626751827/domains/orsozox.com/public_html/forums/vendor/symfony/console/Command/Command.php(341): Illuminate\\Console\\Command->execute()
#23 /home/u626751827/domains/orsozox.com/public_html/forums/vendor/laravel/framework/src/Illuminate/Console/Command.php(182): Symfony\\Component\\Console\\Command\\Command->run()
#24 /home/u626751827/domains/orsozox.com/public_html/forums/vendor/symfony/console/Application.php(1102): Illuminate\\Console\\Command->run()
#25 /home/u626751827/domains/orsozox.com/public_html/forums/vendor/symfony/console/Application.php(356): Symfony\\Component\\Console\\Application->doRunCommand()
#26 /home/u626751827/domains/orsozox.com/public_html/forums/vendor/symfony/console/Application.php(195): Symfony\\Component\\Console\\Application->doRun()
#27 /home/u626751827/domains/orsozox.com/public_html/forums/vendor/laravel/framework/src/Illuminate/Foundation/Console/Kernel.php(198): Symfony\\Component\\Console\\Application->run()
#28 /home/u626751827/domains/orsozox.com/public_html/forums/vendor/laravel/framework/src/Illuminate/Foundation/Application.php(1235): Illuminate\\Foundation\\Console\\Kernel->handle()
#29 /home/u626751827/domains/orsozox.com/public_html/forums/artisan(9): Illuminate\\Foundation\\Application->handleCommand()
#30 {main}
"} 
